0 verbose cli /opt/homebrew/Cellar/node/23.7.0/bin/node /opt/homebrew/bin/npm
1 info using npm@10.9.2
2 info using node@v23.7.0
3 silly config load:file:/opt/homebrew/lib/node_modules/npm/npmrc
4 silly config load:file:/Users/rasulsafarovitch/Development/water/crm/.npmrc
5 silly config load:file:/Users/rasulsafarovitch/.npmrc
6 silly config load:file:/opt/homebrew/etc/npmrc
7 verbose title npm install laravel-echo pusher-js
8 verbose argv "install" "--save-dev" "laravel-echo" "pusher-js" "--cache" "/Users/rasulsafarovitch/Development/water/crm/.npm-cache"
9 verbose logfile logs-max:10 dir:/Users/rasulsafarovitch/Development/water/crm/.npm-cache/_logs/2026-04-13T12_32_17_772Z-
10 verbose logfile /Users/rasulsafarovitch/Development/water/crm/.npm-cache/_logs/2026-04-13T12_32_17_772Z-debug-0.log
11 silly logfile done cleaning log files
12 silly packumentCache heap:4345298944 maxSize:1086324736 maxEntrySize:543162368
13 silly idealTree buildDeps
14 silly fetch manifest laravel-echo@*
15 silly packumentCache full:https://registry.npmjs.org/laravel-echo cache-miss
16 http fetch GET 200 https://registry.npmjs.org/laravel-echo 428ms (cache miss)
17 silly packumentCache full:https://registry.npmjs.org/laravel-echo set size:undefined disposed:false
18 silly fetch manifest pusher-js@*
19 silly packumentCache full:https://registry.npmjs.org/pusher-js cache-miss
20 http fetch GET 200 https://registry.npmjs.org/pusher-js 147ms (cache miss)
21 silly packumentCache full:https://registry.npmjs.org/pusher-js set size:undefined disposed:false
22 silly fetch manifest socket.io-client@*
23 silly packumentCache full:https://registry.npmjs.org/socket.io-client cache-miss
24 http fetch GET 200 https://registry.npmjs.org/npm 693ms
25 http fetch GET 200 https://registry.npmjs.org/socket.io-client 136ms (cache miss)
26 silly packumentCache full:https://registry.npmjs.org/socket.io-client set size:undefined disposed:false
27 silly placeDep ROOT laravel-echo@2.3.4 OK for:  want: *
28 silly placeDep ROOT pusher-js@8.5.0 OK for: laravel-echo@2.3.4 want: *
29 silly placeDep ROOT socket.io-client@4.8.3 OK for: laravel-echo@2.3.4 want: *
30 silly placeDep ROOT pusher-js@8.5.0 REPLACE for:  want: *
31 silly fetch manifest @socket.io/component-emitter@~3.1.0
32 silly packumentCache full:https://registry.npmjs.org/@socket.io%2fcomponent-emitter cache-miss
33 silly fetch manifest engine.io-client@~6.6.1
34 silly packumentCache full:https://registry.npmjs.org/engine.io-client cache-miss
35 silly fetch manifest socket.io-parser@~4.2.4
36 silly packumentCache full:https://registry.npmjs.org/socket.io-parser cache-miss
37 silly fetch manifest tweetnacl@^1.0.3
38 silly packumentCache full:https://registry.npmjs.org/tweetnacl cache-miss
39 silly fetch manifest tweetnacl@^1.0.3
40 silly packumentCache full:https://registry.npmjs.org/tweetnacl cache-miss
41 http fetch GET 200 https://registry.npmjs.org/engine.io-client 160ms (cache miss)
42 silly packumentCache full:https://registry.npmjs.org/engine.io-client set size:undefined disposed:false
43 http fetch GET 200 https://registry.npmjs.org/@socket.io%2fcomponent-emitter 169ms (cache miss)
44 silly packumentCache full:https://registry.npmjs.org/@socket.io%2fcomponent-emitter set size:undefined disposed:false
45 http fetch GET 200 https://registry.npmjs.org/tweetnacl 392ms (cache miss)
46 silly packumentCache full:https://registry.npmjs.org/tweetnacl set size:undefined disposed:false
47 http fetch GET 200 https://registry.npmjs.org/tweetnacl 394ms (cache miss)
48 silly packumentCache full:https://registry.npmjs.org/tweetnacl set size:undefined disposed:false
49 http fetch GET 200 https://registry.npmjs.org/socket.io-parser 399ms (cache miss)
50 silly packumentCache full:https://registry.npmjs.org/socket.io-parser set size:undefined disposed:false
51 silly placeDep ROOT tweetnacl@1.0.3 OK for: pusher-js@8.5.0 want: ^1.0.3
52 silly placeDep ROOT @socket.io/component-emitter@3.1.2 OK for: socket.io-client@4.8.3 want: ~3.1.0
53 silly placeDep ROOT engine.io-client@6.6.4 OK for: socket.io-client@4.8.3 want: ~6.6.1
54 silly placeDep ROOT socket.io-parser@4.2.6 OK for: socket.io-client@4.8.3 want: ~4.2.4
55 silly fetch manifest engine.io-parser@~5.2.1
56 silly packumentCache full:https://registry.npmjs.org/engine.io-parser cache-miss
57 silly fetch manifest ws@~8.18.3
58 silly packumentCache full:https://registry.npmjs.org/ws cache-miss
59 silly fetch manifest xmlhttprequest-ssl@~2.1.1
60 silly packumentCache full:https://registry.npmjs.org/xmlhttprequest-ssl cache-miss
61 http fetch GET 200 https://registry.npmjs.org/engine.io-parser 130ms (cache miss)
62 silly packumentCache full:https://registry.npmjs.org/engine.io-parser set size:undefined disposed:false
63 http fetch GET 200 https://registry.npmjs.org/xmlhttprequest-ssl 131ms (cache miss)
64 silly packumentCache full:https://registry.npmjs.org/xmlhttprequest-ssl set size:undefined disposed:false
65 http fetch GET 200 https://registry.npmjs.org/ws 138ms (cache miss)
66 silly packumentCache full:https://registry.npmjs.org/ws set size:undefined disposed:false
67 silly fetch manifest bufferutil@^4.0.1
68 silly packumentCache full:https://registry.npmjs.org/bufferutil cache-miss
69 http fetch GET 200 https://registry.npmjs.org/bufferutil 129ms (cache miss)
70 silly packumentCache full:https://registry.npmjs.org/bufferutil set size:undefined disposed:false
71 silly fetch manifest utf-8-validate@>=5.0.2
72 silly packumentCache full:https://registry.npmjs.org/utf-8-validate cache-miss
73 http fetch GET 200 https://registry.npmjs.org/utf-8-validate 118ms (cache miss)
74 silly packumentCache full:https://registry.npmjs.org/utf-8-validate set size:undefined disposed:false
75 silly placeDep ROOT engine.io-parser@5.2.3 OK for: engine.io-client@6.6.4 want: ~5.2.1
76 silly placeDep ROOT ws@8.18.3 OK for: engine.io-client@6.6.4 want: ~8.18.3
77 silly placeDep ROOT xmlhttprequest-ssl@2.1.2 OK for: engine.io-client@6.6.4 want: ~2.1.1
78 silly reify moves {}
79 silly audit bulk request {
79 silly audit   '@babel/helper-string-parser': [ '7.27.1' ],
79 silly audit   '@babel/helper-validator-identifier': [ '7.27.1' ],
79 silly audit   '@babel/parser': [ '7.28.3' ],
79 silly audit   '@babel/types': [ '7.28.2' ],
79 silly audit   '@esbuild/darwin-arm64': [ '0.25.9' ],
79 silly audit   '@eslint-community/eslint-utils': [ '4.7.0' ],
79 silly audit   '@eslint-community/regexpp': [ '4.12.1' ],
79 silly audit   '@eslint/config-array': [ '0.21.0' ],
79 silly audit   'brace-expansion': [ '1.1.12', '2.0.2' ],
79 silly audit   minimatch: [ '3.1.2', '9.0.5' ],
79 silly audit   '@eslint/config-helpers': [ '0.3.1' ],
79 silly audit   '@eslint/core': [ '0.15.2' ],
79 silly audit   '@eslint/eslintrc': [ '3.3.1' ],
79 silly audit   '@eslint/js': [ '9.33.0' ],
79 silly audit   '@eslint/object-schema': [ '2.1.6' ],
79 silly audit   '@eslint/plugin-kit': [ '0.3.5' ],
79 silly audit   '@floating-ui/core': [ '1.7.3' ],
79 silly audit   '@floating-ui/dom': [ '1.7.3' ],
79 silly audit   '@floating-ui/utils': [ '0.2.10' ],
79 silly audit   '@floating-ui/vue': [ '1.1.8' ],
79 silly audit   'vue-demi': [ '0.14.10' ],
79 silly audit   '@humanfs/core': [ '0.19.1' ],
79 silly audit   '@humanfs/node': [ '0.16.6' ],
79 silly audit   '@humanwhocodes/retry': [ '0.3.1', '0.4.3' ],
79 silly audit   '@humanwhocodes/module-importer': [ '1.0.1' ],
79 silly audit   '@inertiajs/core': [ '2.1.2' ],
79 silly audit   '@inertiajs/vue3': [ '2.1.2' ],
79 silly audit   '@internationalized/date': [ '3.8.2' ],
79 silly audit   '@internationalized/number': [ '3.6.4' ],
79 silly audit   '@isaacs/fs-minipass': [ '4.0.1' ],
79 silly audit   '@jridgewell/gen-mapping': [ '0.3.13' ],
79 silly audit   '@jridgewell/remapping': [ '2.3.5' ],
79 silly audit   '@jridgewell/resolve-uri': [ '3.1.2' ],
79 silly audit   '@jridgewell/sourcemap-codec': [ '1.5.5' ],
79 silly audit   '@jridgewell/trace-mapping': [ '0.3.30' ],
79 silly audit   '@laravel/vite-plugin-wayfinder': [ '0.1.3' ],
79 silly audit   '@nodelib/fs.scandir': [ '2.1.5' ],
79 silly audit   '@nodelib/fs.stat': [ '2.0.5' ],
79 silly audit   '@nodelib/fs.walk': [ '1.2.8' ],
79 silly audit   '@rolldown/pluginutils': [ '1.0.0-beta.29' ],
79 silly audit   '@rollup/rollup-android-arm-eabi': [ '4.46.3' ],
79 silly audit   '@rollup/rollup-android-arm64': [ '4.46.3' ],
79 silly audit   '@rollup/rollup-darwin-arm64': [ '4.46.3' ],
79 silly audit   '@rollup/rollup-darwin-x64': [ '4.46.3' ],
79 silly audit   '@rollup/rollup-freebsd-arm64': [ '4.46.3' ],
79 silly audit   '@rollup/rollup-freebsd-x64': [ '4.46.3' ],
79 silly audit   '@rollup/rollup-linux-arm-gnueabihf': [ '4.46.3' ],
79 silly audit   '@rollup/rollup-linux-arm-musleabihf': [ '4.46.3' ],
79 silly audit   '@rollup/rollup-linux-arm64-gnu': [ '4.46.3' ],
79 silly audit   '@rollup/rollup-linux-arm64-musl': [ '4.46.3' ],
79 silly audit   '@rollup/rollup-linux-loongarch64-gnu': [ '4.46.3' ],
79 silly audit   '@rollup/rollup-linux-ppc64-gnu': [ '4.46.3' ],
79 silly audit   '@rollup/rollup-linux-riscv64-gnu': [ '4.46.3' ],
79 silly audit   '@rollup/rollup-linux-riscv64-musl': [ '4.46.3' ],
79 silly audit   '@rollup/rollup-linux-s390x-gnu': [ '4.46.3' ],
79 silly audit   '@rollup/rollup-linux-x64-gnu': [ '4.9.5', '4.46.3' ],
79 silly audit   '@rollup/rollup-linux-x64-musl': [ '4.46.3' ],
79 silly audit   '@rollup/rollup-win32-arm64-msvc': [ '4.46.3' ],
79 silly audit   '@rollup/rollup-win32-ia32-msvc': [ '4.46.3' ],
79 silly audit   '@rollup/rollup-win32-x64-msvc': [ '4.46.3' ],
79 silly audit   '@simplewebauthn/browser': [ '13.3.0' ],
79 silly audit   '@swc/helpers': [ '0.5.17' ],
79 silly audit   '@tailwindcss/node': [ '4.1.12' ],
79 silly audit   '@tailwindcss/oxide': [ '4.1.12' ],
79 silly audit   '@tailwindcss/oxide-darwin-arm64': [ '4.1.12' ],
79 silly audit   '@tailwindcss/oxide-linux-x64-gnu': [ '4.1.12' ],
79 silly audit   '@tailwindcss/vite': [ '4.1.12' ],
79 silly audit   '@tanstack/virtual-core': [ '3.13.12' ],
79 silly audit   '@tanstack/vue-virtual': [ '3.13.12' ],
79 silly audit   '@types/estree': [ '1.0.8' ],
79 silly audit   '@types/json-schema': [ '7.0.15' ],
79 silly audit   '@types/node': [ '22.17.2' ],
79 silly audit   '@types/web-bluetooth': [ '0.0.21' ],
79 silly audit   '@typescript-eslint/eslint-plugin': [ '8.39.1' ],
79 silly audit   ignore: [ '7.0.5', '5.3.2' ],
79 silly audit   '@typescript-eslint/parser': [ '8.39.1' ],
79 silly audit   '@typescript-eslint/project-service': [ '8.39.1' ],
79 silly audit   '@typescript-eslint/scope-manager': [ '8.39.1' ],
79 silly audit   '@typescript-eslint/tsconfig-utils': [ '8.39.1' ],
79 silly audit   '@typescript-eslint/type-utils': [ '8.39.1' ],
79 silly audit   '@typescript-eslint/types': [ '8.39.1' ],
79 silly audit   '@typescript-eslint/typescript-estree': [ '8.39.1' ],
79 silly audit   '@typescript-eslint/utils': [ '8.39.1' ],
79 silly audit   '@typescript-eslint/visitor-keys': [ '8.39.1' ],
79 silly audit   'eslint-visitor-keys': [ '4.2.1', '3.4.3' ],
79 silly audit   '@vitejs/plugin-vue': [ '6.0.1' ],
79 silly audit   '@volar/language-core': [ '2.4.15' ],
79 silly audit   '@volar/source-map': [ '2.4.15' ],
79 silly audit   '@volar/typescript': [ '2.4.15' ],
79 silly audit   '@vue/compiler-core': [ '3.5.18' ],
79 silly audit   '@vue/compiler-dom': [ '3.5.18' ],
79 silly audit   '@vue/compiler-sfc': [ '3.5.18' ],
79 silly audit   '@vue/compiler-ssr': [ '3.5.18' ],
79 silly audit   '@vue/compiler-vue2': [ '2.7.16' ],
79 silly audit   '@vue/eslint-config-typescript': [ '14.6.0' ],
79 silly audit   '@vue/language-core': [ '2.2.12' ],
79 silly audit   '@vue/reactivity': [ '3.5.18' ],
79 silly audit   '@vue/runtime-core': [ '3.5.18' ],
79 silly audit   '@vue/runtime-dom': [ '3.5.18' ],
79 silly audit   '@vue/server-renderer': [ '3.5.18' ],
79 silly audit   '@vue/shared': [ '3.5.18' ],
79 silly audit   '@vueuse/core': [ '12.8.2' ],
79 silly audit   '@vueuse/metadata': [ '12.8.2' ],
79 silly audit   '@vueuse/shared': [ '12.8.2' ],
79 silly audit   acorn: [ '8.15.0' ],
79 silly audit   'acorn-jsx': [ '5.3.2' ],
79 silly audit   ajv: [ '6.12.6' ],
79 silly audit   'alien-signals': [ '1.0.13' ],
79 silly audit   'ansi-regex': [ '5.0.1' ],
79 silly audit   'ansi-styles': [ '4.3.0' ],
79 silly audit   argparse: [ '2.0.1' ],
79 silly audit   'aria-hidden': [ '1.2.6' ],
79 silly audit   asynckit: [ '0.4.0' ],
79 silly audit   axios: [ '1.11.0' ],
79 silly audit   'balanced-match': [ '1.0.2' ],
79 silly audit   boolbase: [ '1.0.0' ],
79 silly audit   braces: [ '3.0.3' ],
79 silly audit   'call-bind-apply-helpers': [ '1.0.2' ],
79 silly audit   'call-bound': [ '1.0.4' ],
79 silly audit   callsites: [ '3.1.0' ],
79 silly audit   chalk: [ '4.1.2' ],
79 silly audit   'supports-color': [ '7.2.0', '8.1.1' ],
79 silly audit   chownr: [ '3.0.0' ],
79 silly audit   'class-variance-authority': [ '0.7.1' ],
79 silly audit   cliui: [ '8.0.1' ],
79 silly audit   clsx: [ '2.1.1' ],
79 silly audit   'color-convert': [ '2.0.1' ],
79 silly audit   'color-name': [ '1.1.4' ],
79 silly audit   'combined-stream': [ '1.0.8' ],
79 silly audit   'concat-map': [ '0.0.1' ],
79 silly audit   concurrently: [ '9.2.0' ],
79 silly audit   'cross-spawn': [ '7.0.6' ],
79 silly audit   cssesc: [ '3.0.0' ],
79 silly audit   csstype: [ '3.1.3' ],
79 silly audit   'de-indent': [ '1.0.2' ],
79 silly audit   debug: [ '4.4.1' ],
79 silly audit   'deep-is': [ '0.1.4' ],
79 silly audit   defu: [ '6.1.4' ],
79 silly audit   'delayed-stream': [ '1.0.0' ],
79 silly audit   'detect-libc': [ '2.0.4' ],
79 silly audit   'dunder-proto': [ '1.0.1' ],
79 silly audit   'emoji-regex': [ '8.0.0' ],
79 silly audit   'enhanced-resolve': [ '5.18.3' ],
79 silly audit   entities: [ '4.5.0' ],
79 silly audit   'es-define-property': [ '1.0.1' ],
79 silly audit   'es-errors': [ '1.3.0' ],
79 silly audit   'es-object-atoms': [ '1.1.1' ],
79 silly audit   'es-set-tostringtag': [ '2.1.0' ],
79 silly audit   'es-toolkit': [ '1.39.10' ],
79 silly audit   esbuild: [ '0.25.9' ],
79 silly audit   escalade: [ '3.2.0' ],
79 silly audit   'escape-string-regexp': [ '4.0.0' ],
79 silly audit   eslint: [ '9.33.0' ],
79 silly audit   'eslint-config-prettier': [ '10.1.8' ],
79 silly audit   'eslint-plugin-vue': [ '9.33.0' ],
79 silly audit   'eslint-scope': [ '7.2.2', '8.4.0' ],
79 silly audit   espree: [ '9.6.1', '10.4.0' ],
79 silly audit   globals: [ '13.24.0', '14.0.0' ],
79 silly audit   'vue-eslint-parser': [ '9.4.3', '10.2.0' ],
79 silly audit   esquery: [ '1.6.0' ],
79 silly audit   esrecurse: [ '4.3.0' ],
79 silly audit   estraverse: [ '5.3.0' ],
79 silly audit   'estree-walker': [ '2.0.2' ],
79 silly audit   esutils: [ '2.0.3' ],
79 silly audit   'fast-deep-equal': [ '3.1.3' ],
79 silly audit   'fast-glob': [ '3.3.3' ],
79 silly audit   'glob-parent': [ '5.1.2', '6.0.2' ],
79 silly audit   'fast-json-stable-stringify': [ '2.1.0' ],
79 silly audit   'fast-levenshtein': [ '2.0.6' ],
79 silly audit   fastq: [ '1.19.1' ],
79 silly audit   'file-entry-cache': [ '8.0.0' ],
79 silly audit   'fill-range': [ '7.1.1' ],
79 silly audit   'find-up': [ '5.0.0' ],
79 silly audit   'flat-cache': [ '4.0.1' ],
79 silly audit   flatted: [ '3.3.3' ],
79 silly audit   'follow-redirects': [ '1.15.11' ],
79 silly audit   'form-data': [ '4.0.4' ],
79 silly audit   fsevents: [ '2.3.3' ],
79 silly audit   'function-bind': [ '1.1.2' ],
79 silly audit   'get-caller-file': [ '2.0.5' ],
79 silly audit   'get-intrinsic': [ '1.3.0' ],
79 silly audit   'get-proto': [ '1.0.1' ],
79 silly audit   gopd: [ '1.2.0' ],
79 silly audit   'graceful-fs': [ '4.2.11' ],
79 silly audit   graphemer: [ '1.4.0' ],
79 silly audit   'has-flag': [ '4.0.0' ],
79 silly audit   'has-symbols': [ '1.1.0' ],
79 silly audit   'has-tostringtag': [ '1.0.2' ],
79 silly audit   hasown: [ '2.0.2' ],
79 silly audit   he: [ '1.2.0' ],
79 silly audit   'import-fresh': [ '3.3.1' ],
79 silly audit   imurmurhash: [ '0.1.4' ],
79 silly audit   'is-extglob': [ '2.1.1' ],
79 silly audit   'is-fullwidth-code-point': [ '3.0.0' ],
79 silly audit   'is-glob': [ '4.0.3' ],
79 silly audit   'is-number': [ '7.0.0' ],
79 silly audit   isexe: [ '2.0.0' ],
79 silly audit   jiti: [ '2.5.1' ],
79 silly audit   'js-yaml': [ '4.1.0' ],
79 silly audit   'json-buffer': [ '3.0.1' ],
79 silly audit   'json-schema-traverse': [ '0.4.1' ],
79 silly audit   'json-stable-stringify-without-jsonify': [ '1.0.1' ],
79 silly audit   keyv: [ '4.5.4' ],
79 silly audit   'laravel-vite-plugin': [ '2.0.0' ],
79 silly audit   levn: [ '0.4.1' ],
79 silly audit   lightningcss: [ '1.30.1' ],
79 silly audit   'lightningcss-darwin-arm64': [ '1.30.1' ],
79 silly audit   'lightningcss-linux-x64-gnu': [ '1.30.1' ],
79 silly audit   'locate-path': [ '6.0.0' ],
79 silly audit   lodash: [ '4.17.21' ],
79 silly audit   'lodash.merge': [ '4.6.2' ],
79 silly audit   'lucide-vue-next': [ '0.468.0' ],
79 silly audit   'magic-string': [ '0.30.17' ],
79 silly audit   'math-intrinsics': [ '1.1.0' ],
79 silly audit   merge2: [ '1.4.1' ],
79 silly audit   micromatch: [ '4.0.8' ],
79 silly audit   'mime-db': [ '1.52.0' ],
79 silly audit   'mime-types': [ '2.1.35' ],
79 silly audit   minipass: [ '7.1.2' ],
79 silly audit   minizlib: [ '3.0.2' ],
79 silly audit   mkdirp: [ '3.0.1' ],
79 silly audit   ms: [ '2.1.3' ],
79 silly audit   'muggle-string': [ '0.4.1' ],
79 silly audit   nanoid: [ '3.3.11' ],
79 silly audit   'natural-compare': [ '1.4.0' ],
79 silly audit   'nth-check': [ '2.1.1' ],
79 silly audit   'object-inspect': [ '1.13.4' ],
79 silly audit   ohash: [ '2.0.11' ],
79 silly audit   optionator: [ '0.9.4' ],
79 silly audit   'p-limit': [ '3.1.0' ],
79 silly audit   'p-locate': [ '5.0.0' ],
79 silly audit   'parent-module': [ '1.0.1' ],
79 silly audit   'path-browserify': [ '1.0.1' ],
79 silly audit   'path-exists': [ '4.0.0' ],
79 silly audit   'path-key': [ '3.1.1' ],
79 silly audit   picocolors: [ '1.1.1' ],
79 silly audit   picomatch: [ '2.3.1', '4.0.3' ],
79 silly audit   postcss: [ '8.5.6' ],
79 silly audit   'postcss-selector-parser': [ '6.1.2' ],
79 silly audit   'prelude-ls': [ '1.2.1' ],
79 silly audit   prettier: [ '3.6.2' ],
79 silly audit   'prettier-plugin-organize-imports': [ '4.2.0' ],
79 silly audit   'prettier-plugin-tailwindcss': [ '0.6.14' ],
79 silly audit   'proxy-from-env': [ '1.1.0' ],
79 silly audit   punycode: [ '2.3.1' ],
79 silly audit   qs: [ '6.14.0' ],
79 silly audit   'queue-microtask': [ '1.2.3' ],
79 silly audit   'reka-ui': [ '2.4.1' ],
79 silly audit   'require-directory': [ '2.1.1' ],
79 silly audit   'resolve-from': [ '4.0.0' ],
79 silly audit   reusify: [ '1.1.0' ],
79 silly audit   rollup: [ '4.46.3' ],
79 silly audit   'run-parallel': [ '1.2.0' ],
79 silly audit   rxjs: [ '7.8.2' ],
79 silly audit   semver: [ '7.7.2' ],
79 silly audit   'shebang-command': [ '2.0.0' ],
79 silly audit   'shebang-regex': [ '3.0.0' ],
79 silly audit   'shell-quote': [ '1.8.3' ],
79 silly audit   'side-channel': [ '1.1.0' ],
79 silly audit   'side-channel-list': [ '1.0.0' ],
79 silly audit   'side-channel-map': [ '1.0.1' ],
79 silly audit   'side-channel-weakmap': [ '1.0.2' ],
79 silly audit   'sip.js': [ '0.21.2' ],
79 silly audit   'source-map-js': [ '1.2.1' ],
79 silly audit   'string-width': [ '4.2.3' ],
79 silly audit   'strip-ansi': [ '6.0.1' ],
79 silly audit   'strip-json-comments': [ '3.1.1' ],
79 silly audit   'tailwind-merge': [ '3.3.1' ],
79 silly audit   tailwindcss: [ '4.1.12' ],
79 silly audit   tapable: [ '2.2.2' ],
79 silly audit   tar: [ '7.4.3' ],
79 silly audit   tinyglobby: [ '0.2.14' ],
79 silly audit   fdir: [ '6.5.0' ],
79 silly audit   'to-regex-range': [ '5.0.1' ],
79 silly audit   'tree-kill': [ '1.2.2' ],
79 silly audit   'ts-api-utils': [ '2.1.0' ],
79 silly audit   tslib: [ '2.8.1' ],
79 silly audit   'tw-animate-css': [ '1.3.7' ],
79 silly audit   'type-check': [ '0.4.0' ],
79 silly audit   'type-fest': [ '0.20.2' ],
79 silly audit   typescript: [ '5.9.2' ],
79 silly audit   'typescript-eslint': [ '8.39.1' ],
79 silly audit   'undici-types': [ '6.21.0' ],
79 silly audit   'uri-js': [ '4.4.1' ],
79 silly audit   'util-deprecate': [ '1.0.2' ],
79 silly audit   vite: [ '7.1.2' ],
79 silly audit   'vite-plugin-full-reload': [ '1.2.0' ],
79 silly audit   'vscode-uri': [ '3.1.0' ],
79 silly audit   vue: [ '3.5.18' ],
79 silly audit   'vue-tsc': [ '2.2.12' ],
79 silly audit   which: [ '2.0.2' ],
79 silly audit   'word-wrap': [ '1.2.5' ],
79 silly audit   'wrap-ansi': [ '7.0.0' ],
79 silly audit   'xml-name-validator': [ '4.0.0' ],
79 silly audit   y18n: [ '5.0.8' ],
79 silly audit   yallist: [ '5.0.0' ],
79 silly audit   yargs: [ '17.7.2' ],
79 silly audit   'yargs-parser': [ '21.1.1' ],
79 silly audit   'yocto-queue': [ '0.1.0' ],
79 silly audit   'laravel-echo': [ '2.3.4' ],
79 silly audit   'socket.io-client': [ '4.8.3' ],
79 silly audit   'pusher-js': [ '8.5.0' ],
79 silly audit   tweetnacl: [ '1.0.3' ],
79 silly audit   '@socket.io/component-emitter': [ '3.1.2' ],
79 silly audit   'engine.io-client': [ '6.6.4' ],
79 silly audit   'socket.io-parser': [ '4.2.6' ],
79 silly audit   'engine.io-parser': [ '5.2.3' ],
79 silly audit   ws: [ '8.18.3' ],
79 silly audit   'xmlhttprequest-ssl': [ '2.1.2' ]
79 silly audit }
80 verbose reify failed optional dependency /Users/rasulsafarovitch/Development/water/crm/node_modules/lightningcss-linux-x64-gnu
81 silly reify mark deleted [
81 silly reify   '/Users/rasulsafarovitch/Development/water/crm/node_modules/lightningcss-linux-x64-gnu'
81 silly reify ]
82 verbose reify failed optional dependency /Users/rasulsafarovitch/Development/water/crm/node_modules/@tailwindcss/oxide-linux-x64-gnu
83 silly reify mark deleted [
83 silly reify   '/Users/rasulsafarovitch/Development/water/crm/node_modules/@tailwindcss/oxide-linux-x64-gnu'
83 silly reify ]
84 verbose reify failed optional dependency /Users/rasulsafarovitch/Development/water/crm/node_modules/@rollup/rollup-win32-x64-msvc
85 silly reify mark deleted [
85 silly reify   '/Users/rasulsafarovitch/Development/water/crm/node_modules/@rollup/rollup-win32-x64-msvc'
85 silly reify ]
86 verbose reify failed optional dependency /Users/rasulsafarovitch/Development/water/crm/node_modules/@rollup/rollup-win32-ia32-msvc
87 silly reify mark deleted [
87 silly reify   '/Users/rasulsafarovitch/Development/water/crm/node_modules/@rollup/rollup-win32-ia32-msvc'
87 silly reify ]
88 verbose reify failed optional dependency /Users/rasulsafarovitch/Development/water/crm/node_modules/@rollup/rollup-win32-arm64-msvc
89 silly reify mark deleted [
89 silly reify   '/Users/rasulsafarovitch/Development/water/crm/node_modules/@rollup/rollup-win32-arm64-msvc'
89 silly reify ]
90 verbose reify failed optional dependency /Users/rasulsafarovitch/Development/water/crm/node_modules/@rollup/rollup-linux-x64-musl
91 silly reify mark deleted [
91 silly reify   '/Users/rasulsafarovitch/Development/water/crm/node_modules/@rollup/rollup-linux-x64-musl'
91 silly reify ]
92 verbose reify failed optional dependency /Users/rasulsafarovitch/Development/water/crm/node_modules/@rollup/rollup-linux-x64-gnu
93 silly reify mark deleted [
93 silly reify   '/Users/rasulsafarovitch/Development/water/crm/node_modules/@rollup/rollup-linux-x64-gnu'
93 silly reify ]
94 verbose reify failed optional dependency /Users/rasulsafarovitch/Development/water/crm/node_modules/@rollup/rollup-linux-s390x-gnu
95 silly reify mark deleted [
95 silly reify   '/Users/rasulsafarovitch/Development/water/crm/node_modules/@rollup/rollup-linux-s390x-gnu'
95 silly reify ]
96 verbose reify failed optional dependency /Users/rasulsafarovitch/Development/water/crm/node_modules/@rollup/rollup-linux-riscv64-musl
97 silly reify mark deleted [
97 silly reify   '/Users/rasulsafarovitch/Development/water/crm/node_modules/@rollup/rollup-linux-riscv64-musl'
97 silly reify ]
98 verbose reify failed optional dependency /Users/rasulsafarovitch/Development/water/crm/node_modules/@rollup/rollup-linux-riscv64-gnu
99 silly reify mark deleted [
99 silly reify   '/Users/rasulsafarovitch/Development/water/crm/node_modules/@rollup/rollup-linux-riscv64-gnu'
99 silly reify ]
100 verbose reify failed optional dependency /Users/rasulsafarovitch/Development/water/crm/node_modules/@rollup/rollup-linux-ppc64-gnu
101 silly reify mark deleted [
101 silly reify   '/Users/rasulsafarovitch/Development/water/crm/node_modules/@rollup/rollup-linux-ppc64-gnu'
101 silly reify ]
102 verbose reify failed optional dependency /Users/rasulsafarovitch/Development/water/crm/node_modules/@rollup/rollup-linux-loongarch64-gnu
103 silly reify mark deleted [
103 silly reify   '/Users/rasulsafarovitch/Development/water/crm/node_modules/@rollup/rollup-linux-loongarch64-gnu'
103 silly reify ]
104 verbose reify failed optional dependency /Users/rasulsafarovitch/Development/water/crm/node_modules/@rollup/rollup-linux-arm64-musl
105 silly reify mark deleted [
105 silly reify   '/Users/rasulsafarovitch/Development/water/crm/node_modules/@rollup/rollup-linux-arm64-musl'
105 silly reify ]
106 verbose reify failed optional dependency /Users/rasulsafarovitch/Development/water/crm/node_modules/@rollup/rollup-linux-arm64-gnu
107 silly reify mark deleted [
107 silly reify   '/Users/rasulsafarovitch/Development/water/crm/node_modules/@rollup/rollup-linux-arm64-gnu'
107 silly reify ]
108 verbose reify failed optional dependency /Users/rasulsafarovitch/Development/water/crm/node_modules/@rollup/rollup-linux-arm-musleabihf
109 silly reify mark deleted [
109 silly reify   '/Users/rasulsafarovitch/Development/water/crm/node_modules/@rollup/rollup-linux-arm-musleabihf'
109 silly reify ]
110 verbose reify failed optional dependency /Users/rasulsafarovitch/Development/water/crm/node_modules/@rollup/rollup-linux-arm-gnueabihf
111 silly reify mark deleted [
111 silly reify   '/Users/rasulsafarovitch/Development/water/crm/node_modules/@rollup/rollup-linux-arm-gnueabihf'
111 silly reify ]
112 verbose reify failed optional dependency /Users/rasulsafarovitch/Development/water/crm/node_modules/@rollup/rollup-freebsd-x64
113 silly reify mark deleted [
113 silly reify   '/Users/rasulsafarovitch/Development/water/crm/node_modules/@rollup/rollup-freebsd-x64'
113 silly reify ]
114 verbose reify failed optional dependency /Users/rasulsafarovitch/Development/water/crm/node_modules/@rollup/rollup-freebsd-arm64
115 silly reify mark deleted [
115 silly reify   '/Users/rasulsafarovitch/Development/water/crm/node_modules/@rollup/rollup-freebsd-arm64'
115 silly reify ]
116 verbose reify failed optional dependency /Users/rasulsafarovitch/Development/water/crm/node_modules/@rollup/rollup-darwin-x64
117 silly reify mark deleted [
117 silly reify   '/Users/rasulsafarovitch/Development/water/crm/node_modules/@rollup/rollup-darwin-x64'
117 silly reify ]
118 verbose reify failed optional dependency /Users/rasulsafarovitch/Development/water/crm/node_modules/@rollup/rollup-android-arm64
119 silly reify mark deleted [
119 silly reify   '/Users/rasulsafarovitch/Development/water/crm/node_modules/@rollup/rollup-android-arm64'
119 silly reify ]
120 verbose reify failed optional dependency /Users/rasulsafarovitch/Development/water/crm/node_modules/@rollup/rollup-android-arm-eabi
121 silly reify mark deleted [
121 silly reify   '/Users/rasulsafarovitch/Development/water/crm/node_modules/@rollup/rollup-android-arm-eabi'
121 silly reify ]
122 verbose reify failed optional dependency /Users/rasulsafarovitch/Development/water/crm/node_modules/rollup/node_modules/@rollup/rollup-linux-x64-gnu
123 silly reify mark deleted [
123 silly reify   '/Users/rasulsafarovitch/Development/water/crm/node_modules/rollup/node_modules/@rollup/rollup-linux-x64-gnu'
123 silly reify ]
124 http cache xmlhttprequest-ssl@https://registry.npmjs.org/xmlhttprequest-ssl/-/xmlhttprequest-ssl-2.1.2.tgz 0ms (cache hit)
125 http cache engine.io-parser@https://registry.npmjs.org/engine.io-parser/-/engine.io-parser-5.2.3.tgz 0ms (cache hit)
126 http cache ws@https://registry.npmjs.org/ws/-/ws-8.18.3.tgz 0ms (cache hit)
127 http cache socket.io-parser@https://registry.npmjs.org/socket.io-parser/-/socket.io-parser-4.2.6.tgz 0ms (cache hit)
128 http cache engine.io-client@https://registry.npmjs.org/engine.io-client/-/engine.io-client-6.6.4.tgz 0ms (cache hit)
129 http cache @socket.io/component-emitter@https://registry.npmjs.org/@socket.io/component-emitter/-/component-emitter-3.1.2.tgz 0ms (cache hit)
130 http cache tweetnacl@https://registry.npmjs.org/tweetnacl/-/tweetnacl-1.0.3.tgz 0ms (cache hit)
131 http cache pusher-js@https://registry.npmjs.org/pusher-js/-/pusher-js-8.5.0.tgz 0ms (cache hit)
132 http cache laravel-echo@https://registry.npmjs.org/laravel-echo/-/laravel-echo-2.3.4.tgz 1ms (cache hit)
133 http cache socket.io-client@https://registry.npmjs.org/socket.io-client/-/socket.io-client-4.8.3.tgz 0ms (cache hit)
134 silly tarball no local data for xmlhttprequest-ssl@https://registry.npmjs.org/xmlhttprequest-ssl/-/xmlhttprequest-ssl-2.1.2.tgz. Extracting by manifest.
135 silly tarball no local data for engine.io-parser@https://registry.npmjs.org/engine.io-parser/-/engine.io-parser-5.2.3.tgz. Extracting by manifest.
136 silly tarball no local data for ws@https://registry.npmjs.org/ws/-/ws-8.18.3.tgz. Extracting by manifest.
137 silly tarball no local data for socket.io-parser@https://registry.npmjs.org/socket.io-parser/-/socket.io-parser-4.2.6.tgz. Extracting by manifest.
138 silly tarball no local data for engine.io-client@https://registry.npmjs.org/engine.io-client/-/engine.io-client-6.6.4.tgz. Extracting by manifest.
139 silly tarball no local data for @socket.io/component-emitter@https://registry.npmjs.org/@socket.io/component-emitter/-/component-emitter-3.1.2.tgz. Extracting by manifest.
140 silly tarball no local data for tweetnacl@https://registry.npmjs.org/tweetnacl/-/tweetnacl-1.0.3.tgz. Extracting by manifest.
141 silly tarball no local data for pusher-js@https://registry.npmjs.org/pusher-js/-/pusher-js-8.5.0.tgz. Extracting by manifest.
142 silly tarball no local data for laravel-echo@https://registry.npmjs.org/laravel-echo/-/laravel-echo-2.3.4.tgz. Extracting by manifest.
143 silly tarball no local data for socket.io-client@https://registry.npmjs.org/socket.io-client/-/socket.io-client-4.8.3.tgz. Extracting by manifest.
144 http fetch GET 200 https://registry.npmjs.org/xmlhttprequest-ssl/-/xmlhttprequest-ssl-2.1.2.tgz 125ms (cache miss)
145 http fetch GET 200 https://registry.npmjs.org/socket.io-parser/-/socket.io-parser-4.2.6.tgz 130ms (cache miss)
146 http fetch GET 200 https://registry.npmjs.org/ws/-/ws-8.18.3.tgz 130ms (cache miss)
147 http fetch GET 200 https://registry.npmjs.org/engine.io-parser/-/engine.io-parser-5.2.3.tgz 131ms (cache miss)
148 http fetch POST 200 https://registry.npmjs.org/-/npm/v1/security/advisories/bulk 340ms
149 silly audit report {
149 silly audit report   'brace-expansion': [
149 silly audit report     {
149 silly audit report       id: 1115540,
149 silly audit report       url: 'https://github.com/advisories/GHSA-f886-m6hf-6m8v',
149 silly audit report       title: 'brace-expansion: Zero-step sequence causes process hang and memory exhaustion',
149 silly audit report       severity: 'moderate',
149 silly audit report       vulnerable_versions: '<1.1.13',
149 silly audit report       cwe: [Array],
149 silly audit report       cvss: [Object]
149 silly audit report     },
149 silly audit report     {
149 silly audit report       id: 1115541,
149 silly audit report       url: 'https://github.com/advisories/GHSA-f886-m6hf-6m8v',
149 silly audit report       title: 'brace-expansion: Zero-step sequence causes process hang and memory exhaustion',
149 silly audit report       severity: 'moderate',
149 silly audit report       vulnerable_versions: '>=2.0.0 <2.0.3',
149 silly audit report       cwe: [Array],
149 silly audit report       cvss: [Object]
149 silly audit report     }
149 silly audit report   ],
149 silly audit report   minimatch: [
149 silly audit report     {
149 silly audit report       id: 1113459,
149 silly audit report       url: 'https://github.com/advisories/GHSA-3ppc-4f35-3m26',
149 silly audit report       title: 'minimatch has a ReDoS via repeated wildcards with non-matching literal in pattern',
149 silly audit report       severity: 'high',
149 silly audit report       vulnerable_versions: '<3.1.3',
149 silly audit report       cwe: [Array],
149 silly audit report       cvss: [Object]
149 silly audit report     },
149 silly audit report     {
149 silly audit report       id: 1113465,
149 silly audit report       url: 'https://github.com/advisories/GHSA-3ppc-4f35-3m26',
149 silly audit report       title: 'minimatch has a ReDoS via repeated wildcards with non-matching literal in pattern',
149 silly audit report       severity: 'high',
149 silly audit report       vulnerable_versions: '>=9.0.0 <9.0.6',
149 silly audit report       cwe: [Array],
149 silly audit report       cvss: [Object]
149 silly audit report     },
149 silly audit report     {
149 silly audit report       id: 1113538,
149 silly audit report       url: 'https://github.com/advisories/GHSA-7r86-cg39-jmmj',
149 silly audit report       title: 'minimatch has ReDoS: matchOne() combinatorial backtracking via multiple non-adjacent GLOBSTAR segments',
149 silly audit report       severity: 'high',
149 silly audit report       vulnerable_versions: '<3.1.3',
149 silly audit report       cwe: [Array],
149 silly audit report       cvss: [Object]
149 silly audit report     },
149 silly audit report     {
149 silly audit report       id: 1113544,
149 silly audit report       url: 'https://github.com/advisories/GHSA-7r86-cg39-jmmj',
149 silly audit report       title: 'minimatch has ReDoS: matchOne() combinatorial backtracking via multiple non-adjacent GLOBSTAR segments',
149 silly audit report       severity: 'high',
149 silly audit report       vulnerable_versions: '>=9.0.0 <9.0.7',
149 silly audit report       cwe: [Array],
149 silly audit report       cvss: [Object]
149 silly audit report     },
149 silly audit report     {
149 silly audit report       id: 1113546,
149 silly audit report       url: 'https://github.com/advisories/GHSA-23c5-xmqv-rm74',
149 silly audit report       title: 'minimatch ReDoS: nested *() extglobs generate catastrophically backtracking regular expressions',
149 silly audit report       severity: 'high',
149 silly audit report       vulnerable_versions: '<3.1.4',
149 silly audit report       cwe: [Array],
149 silly audit report       cvss: [Object]
149 silly audit report     },
149 silly audit report     {
149 silly audit report       id: 1113552,
149 silly audit report       url: 'https://github.com/advisories/GHSA-23c5-xmqv-rm74',
149 silly audit report       title: 'minimatch ReDoS: nested *() extglobs generate catastrophically backtracking regular expressions',
149 silly audit report       severity: 'high',
149 silly audit report       vulnerable_versions: '>=9.0.0 <9.0.7',
149 silly audit report       cwe: [Array],
149 silly audit report       cvss: [Object]
149 silly audit report     }
149 silly audit report   ],
149 silly audit report   ajv: [
149 silly audit report     {
149 silly audit report       id: 1113714,
149 silly audit report       url: 'https://github.com/advisories/GHSA-2g4f-4pwh-qvx6',
149 silly audit report       title: 'ajv has ReDoS when using `$data` option',
149 silly audit report       severity: 'moderate',
149 silly audit report       vulnerable_versions: '<6.14.0',
149 silly audit report       cwe: [Array],
149 silly audit report       cvss: [Object]
149 silly audit report     }
149 silly audit report   ],
149 silly audit report   axios: [
149 silly audit report     {
149 silly audit report       id: 1112195,
149 silly audit report       url: 'https://github.com/advisories/GHSA-4hjh-wcwx-xvwj',
149 silly audit report       title: 'Axios is vulnerable to DoS attack through lack of data size check',
149 silly audit report       severity: 'high',
149 silly audit report       vulnerable_versions: '>=1.0.0 <1.12.0',
149 silly audit report       cwe: [Array],
149 silly audit report       cvss: [Object]
149 silly audit report     },
149 silly audit report     {
149 silly audit report       id: 1113275,
149 silly audit report       url: 'https://github.com/advisories/GHSA-43fc-jf86-j433',
149 silly audit report       title: 'Axios is Vulnerable to Denial of Service via __proto__ Key in mergeConfig',
149 silly audit report       severity: 'high',
149 silly audit report       vulnerable_versions: '>=1.0.0 <=1.13.4',
149 silly audit report       cwe: [Array],
149 silly audit report       cvss: [Object]
149 silly audit report     },
149 silly audit report     {
149 silly audit report       id: 1116276,
149 silly audit report       url: 'https://github.com/advisories/GHSA-qj83-cq47-w5f8',
149 silly audit report       title: 'Axios HTTP/2 Session Cleanup State Corruption Vulnerability',
149 silly audit report       severity: 'moderate',
149 silly audit report       vulnerable_versions: '<1.13.2',
149 silly audit report       cwe: [Array],
149 silly audit report       cvss: [Object]
149 silly audit report     },
149 silly audit report     {
149 silly audit report       id: 1116365,
149 silly audit report       url: 'https://github.com/advisories/GHSA-3p68-rc4w-qgx5',
149 silly audit report       title: 'Axios has a NO_PROXY Hostname Normalization Bypass Leads to SSRF',
149 silly audit report       severity: 'critical',
149 silly audit report       vulnerable_versions: '<1.15.0',
149 silly audit report       cwe: [Array],
149 silly audit report       cvss: [Object]
149 silly audit report     },
149 silly audit report     {
149 silly audit report       id: 1116473,
149 silly audit report       url: 'https://github.com/advisories/GHSA-fvcv-3m26-pcqx',
149 silly audit report       title: 'Axios has Unrestricted Cloud Metadata Exfiltration via Header Injection Chain',
149 silly audit report       severity: 'critical',
149 silly audit report       vulnerable_versions: '<1.15.0',
149 silly audit report       cwe: [Array],
149 silly audit report       cvss: [Object]
149 silly audit report     }
149 silly audit report   ],
149 silly audit report   defu: [
149 silly audit report     {
149 silly audit report       id: 1116102,
149 silly audit report       url: 'https://github.com/advisories/GHSA-737v-mqg7-c878',
149 silly audit report       title: 'defu: Prototype pollution via `__proto__` key in defaults argument',
149 silly audit report       severity: 'high',
149 silly audit report       vulnerable_versions: '<=6.1.4',
149 silly audit report       cwe: [Array],
149 silly audit report       cvss: [Object]
149 silly audit report     }
149 silly audit report   ],
149 silly audit report   flatted: [
149 silly audit report     {
149 silly audit report       id: 1114526,
149 silly audit report       url: 'https://github.com/advisories/GHSA-25h7-pfq9-p65f',
149 silly audit report       title: 'flatted vulnerable to unbounded recursion DoS in parse() revive phase',
149 silly audit report       severity: 'high',
149 silly audit report       vulnerable_versions: '<3.4.0',
149 silly audit report       cwe: [Array],
149 silly audit report       cvss: [Object]
149 silly audit report     },
149 silly audit report     {
149 silly audit report       id: 1115357,
149 silly audit report       url: 'https://github.com/advisories/GHSA-rf6f-7fwh-wjgh',
149 silly audit report       title: 'Prototype Pollution via parse() in NodeJS flatted',
149 silly audit report       severity: 'high',
149 silly audit report       vulnerable_versions: '<=3.4.1',
149 silly audit report       cwe: [Array],
149 silly audit report       cvss: [Object]
149 silly audit report     }
149 silly audit report   ],
149 silly audit report   'js-yaml': [
149 silly audit report     {
149 silly audit report       id: 1112715,
149 silly audit report       url: 'https://github.com/advisories/GHSA-mh29-5h37-fv8m',
149 silly audit report       title: 'js-yaml has prototype pollution in merge (<<)',
149 silly audit report       severity: 'moderate',
149 silly audit report       vulnerable_versions: '>=4.0.0 <4.1.1',
149 silly audit report       cwe: [Array],
149 silly audit report       cvss: [Object]
149 silly audit report     }
149 silly audit report   ],
149 silly audit report   lodash: [
149 silly audit report     {
149 silly audit report       id: 1112455,
149 silly audit report       url: 'https://github.com/advisories/GHSA-xxjr-mmjv-4gpg',
149 silly audit report       title: 'Lodash has Prototype Pollution Vulnerability in `_.unset` and `_.omit` functions',
149 silly audit report       severity: 'moderate',
149 silly audit report       vulnerable_versions: '>=4.0.0 <=4.17.22',
149 silly audit report       cwe: [Array],
149 silly audit report       cvss: [Object]
149 silly audit report     },
149 silly audit report     {
149 silly audit report       id: 1115806,
149 silly audit report       url: 'https://github.com/advisories/GHSA-r5fr-rjxr-66jc',
149 silly audit report       title: 'lodash vulnerable to Code Injection via `_.template` imports key names',
149 silly audit report       severity: 'high',
149 silly audit report       vulnerable_versions: '>=4.0.0 <=4.17.23',
149 silly audit report       cwe: [Array],
149 silly audit report       cvss: [Object]
149 silly audit report     },
149 silly audit report     {
149 silly audit report       id: 1115810,
149 silly audit report       url: 'https://github.com/advisories/GHSA-f23m-r3pf-42rh',
149 silly audit report       title: 'lodash vulnerable to Prototype Pollution via array path bypass in `_.unset` and `_.omit`',
149 silly audit report       severity: 'moderate',
149 silly audit report       vulnerable_versions: '<=4.17.23',
149 silly audit report       cwe: [Array],
149 silly audit report       cvss: [Object]
149 silly audit report     }
149 silly audit report   ],
149 silly audit report   picomatch: [
149 silly audit report     {
149 silly audit report       id: 1115549,
149 silly audit report       url: 'https://github.com/advisories/GHSA-3v7f-55p6-f55p',
149 silly audit report       title: 'Picomatch: Method Injection in POSIX Character Classes causes incorrect Glob Matching',
149 silly audit report       severity: 'moderate',
149 silly audit report       vulnerable_versions: '<2.3.2',
149 silly audit report       cwe: [Array],
149 silly audit report       cvss: [Object]
149 silly audit report     },
149 silly audit report     {
149 silly audit report       id: 1115551,
149 silly audit report       url: 'https://github.com/advisories/GHSA-3v7f-55p6-f55p',
149 silly audit report       title: 'Picomatch: Method Injection in POSIX Character Classes causes incorrect Glob Matching',
149 silly audit report       severity: 'moderate',
149 silly audit report       vulnerable_versions: '>=4.0.0 <4.0.4',
149 silly audit report       cwe: [Array],
149 silly audit report       cvss: [Object]
149 silly audit report     },
149 silly audit report     {
149 silly audit report       id: 1115552,
149 silly audit report       url: 'https://github.com/advisories/GHSA-c2c7-rcm5-vvqj',
149 silly audit report       title: 'Picomatch has a ReDoS vulnerability via extglob quantifiers',
149 silly audit report       severity: 'high',
149 silly audit report       vulnerable_versions: '<2.3.2',
149 silly audit report       cwe: [Array],
149 silly audit report       cvss: [Object]
149 silly audit report     },
149 silly audit report     {
149 silly audit report       id: 1115554,
149 silly audit report       url: 'https://github.com/advisories/GHSA-c2c7-rcm5-vvqj',
149 silly audit report       title: 'Picomatch has a ReDoS vulnerability via extglob quantifiers',
149 silly audit report       severity: 'high',
149 silly audit report       vulnerable_versions: '>=4.0.0 <4.0.4',
149 silly audit report       cwe: [Array],
149 silly audit report       cvss: [Object]
149 silly audit report     }
149 silly audit report   ],
149 silly audit report   qs: [
149 silly audit report     {
149 silly audit report       id: 1113161,
149 silly audit report       url: 'https://github.com/advisories/GHSA-w7fw-mjwx-w883',
149 silly audit report       title: "qs's arrayLimit bypass in comma parsing allows denial of service",
149 silly audit report       severity: 'low',
149 silly audit report       vulnerable_versions: '>=6.7.0 <=6.14.1',
149 silly audit report       cwe: [Array],
149 silly audit report       cvss: [Object]
149 silly audit report     },
149 silly audit report     {
149 silly audit report       id: 1113719,
149 silly audit report       url: 'https://github.com/advisories/GHSA-6rw7-vpxm-498p',
149 silly audit report       title: "qs's arrayLimit bypass in its bracket notation allows DoS via memory exhaustion",
149 silly audit report       severity: 'moderate',
149 silly audit report       vulnerable_versions: '<6.14.1',
149 silly audit report       cwe: [Array],
149 silly audit report       cvss: [Object]
149 silly audit report     }
149 silly audit report   ],
149 silly audit report   rollup: [
149 silly audit report     {
149 silly audit report       id: 1113515,
149 silly audit report       url: 'https://github.com/advisories/GHSA-mw96-cpmx-2vgc',
149 silly audit report       title: 'Rollup 4 has Arbitrary File Write via Path Traversal',
149 silly audit report       severity: 'high',
149 silly audit report       vulnerable_versions: '>=4.0.0 <4.59.0',
149 silly audit report       cwe: [Array],
149 silly audit report       cvss: [Object]
149 silly audit report     }
149 silly audit report   ],
149 silly audit report   tar: [
149 silly audit report     {
149 silly audit report       id: 1112659,
149 silly audit report       url: 'https://github.com/advisories/GHSA-34x7-hfp2-rc4v',
149 silly audit report       title: 'node-tar Vulnerable to Arbitrary File Creation/Overwrite via Hardlink Path Traversal',
149 silly audit report       severity: 'high',
149 silly audit report       vulnerable_versions: '<7.5.7',
149 silly audit report       cwe: [Array],
149 silly audit report       cvss: [Object]
149 silly audit report     },
149 silly audit report     {
149 silly audit report       id: 1113300,
149 silly audit report       url: 'https://github.com/advisories/GHSA-8qq5-rm4j-mr97',
149 silly audit report       title: 'node-tar is Vulnerable to Arbitrary File Overwrite and Symlink Poisoning via Insufficient Path Sanitization',
149 silly audit report       severity: 'high',
149 silly audit report       vulnerable_versions: '<=7.5.2',
149 silly audit report       cwe: [Array],
149 silly audit report       cvss: [Object]
149 silly audit report     },
149 silly audit report     {
149 silly audit report       id: 1113375,
149 silly audit report       url: 'https://github.com/advisories/GHSA-83g3-92jg-28cx',
149 silly audit report       title: 'Arbitrary File Read/Write via Hardlink Target Escape Through Symlink Chain in node-tar Extraction',
149 silly audit report       severity: 'high',
149 silly audit report       vulnerable_versions: '<7.5.8',
149 silly audit report       cwe: [Array],
149 silly audit report       cvss: [Object]
149 silly audit report     },
149 silly audit report     {
149 silly audit report       id: 1114200,
149 silly audit report       url: 'https://github.com/advisories/GHSA-qffp-2rhf-9h96',
149 silly audit report       title: 'tar has Hardlink Path Traversal via Drive-Relative Linkpath',
149 silly audit report       severity: 'high',
149 silly audit report       vulnerable_versions: '<=7.5.9',
149 silly audit report       cwe: [Array],
149 silly audit report       cvss: [Object]
149 silly audit report     },
149 silly audit report     {
149 silly audit report       id: 1114302,
149 silly audit report       url: 'https://github.com/advisories/GHSA-9ppj-qmqm-q256',
149 silly audit report       title: 'node-tar Symlink Path Traversal via Drive-Relative Linkpath',
149 silly audit report       severity: 'high',
149 silly audit report       vulnerable_versions: '<=7.5.10',
149 silly audit report       cwe: [Array],
149 silly audit report       cvss: [Object]
149 silly audit report     },
149 silly audit report     {
149 silly audit report       id: 1114680,
149 silly audit report       url: 'https://github.com/advisories/GHSA-r6q2-hw4h-h46w',
149 silly audit report       title: 'Race Condition in node-tar Path Reservations via Unicode Ligature Collisions on macOS APFS',
149 silly audit report       severity: 'high',
149 silly audit report       vulnerable_versions: '<=7.5.3',
149 silly audit report       cwe: [Array],
149 silly audit report       cvss: [Object]
149 silly audit report     }
149 silly audit report   ],
149 silly audit report   vite: [
149 silly audit report     {
149 silly audit report       id: 1107326,
149 silly audit report       url: 'https://github.com/advisories/GHSA-g4jq-h2w9-997c',
149 silly audit report       title: 'Vite middleware may serve files starting with the same name with the public directory',
149 silly audit report       severity: 'low',
149 silly audit report       vulnerable_versions: '>=7.1.0 <=7.1.4',
149 silly audit report       cwe: [Array],
149 silly audit report       cvss: [Object]
149 silly audit report     },
149 silly audit report     {
149 silly audit report       id: 1107330,
149 silly audit report       url: 'https://github.com/advisories/GHSA-jqfw-vq24-v9c3',
149 silly audit report       title: "Vite's `server.fs` settings were not applied to HTML files",
149 silly audit report       severity: 'low',
149 silly audit report       vulnerable_versions: '>=7.1.0 <=7.1.4',
149 silly audit report       cwe: [Array],
149 silly audit report       cvss: [Object]
149 silly audit report     },
149 silly audit report     {
149 silly audit report       id: 1109137,
149 silly audit report       url: 'https://github.com/advisories/GHSA-93m4-6634-74q7',
149 silly audit report       title: 'vite allows server.fs.deny bypass via backslash on Windows',
149 silly audit report       severity: 'moderate',
149 silly audit report       vulnerable_versions: '>=7.1.0 <=7.1.10',
149 silly audit report       cwe: [Array],
149 silly audit report       cvss: [Object]
149 silly audit report     },
149 silly audit report     {
149 silly audit report       id: 1116230,
149 silly audit report       url: 'https://github.com/advisories/GHSA-4w7w-66w2-5vf9',
149 silly audit report       title: 'Vite Vulnerable to Path Traversal in Optimized Deps `.map` Handling',
149 silly audit report       severity: 'moderate',
149 silly audit report       vulnerable_versions: '>=7.0.0 <=7.3.1',
149 silly audit report       cwe: [Array],
149 silly audit report       cvss: [Object]
149 silly audit report     },
149 silly audit report     {
149 silly audit report       id: 1116232,
149 silly audit report       url: 'https://github.com/advisories/GHSA-v2wj-q39q-566r',
149 silly audit report       title: 'Vite: `server.fs.deny` bypassed with queries',
149 silly audit report       severity: 'high',
149 silly audit report       vulnerable_versions: '>=7.1.0 <=7.3.1',
149 silly audit report       cwe: [Array],
149 silly audit report       cvss: [Object]
149 silly audit report     },
149 silly audit report     {
149 silly audit report       id: 1116235,
149 silly audit report       url: 'https://github.com/advisories/GHSA-p9ff-h696-f583',
149 silly audit report       title: 'Vite Vulnerable to Arbitrary File Read via Vite Dev Server WebSocket',
149 silly audit report       severity: 'high',
149 silly audit report       vulnerable_versions: '>=7.0.0 <=7.3.1',
149 silly audit report       cwe: [Array],
149 silly audit report       cvss: [Object]
149 silly audit report     }
149 silly audit report   ]
149 silly audit report }
150 silly packumentCache corgi:https://registry.npmjs.org/brace-expansion cache-miss
151 silly packumentCache corgi:https://registry.npmjs.org/minimatch cache-miss
152 silly packumentCache corgi:https://registry.npmjs.org/ajv cache-miss
153 silly packumentCache corgi:https://registry.npmjs.org/axios cache-miss
154 silly packumentCache corgi:https://registry.npmjs.org/defu cache-miss
155 silly packumentCache corgi:https://registry.npmjs.org/flatted cache-miss
156 silly packumentCache corgi:https://registry.npmjs.org/js-yaml cache-miss
157 silly packumentCache corgi:https://registry.npmjs.org/lodash cache-miss
158 silly packumentCache corgi:https://registry.npmjs.org/picomatch cache-miss
159 silly packumentCache corgi:https://registry.npmjs.org/qs cache-miss
160 silly packumentCache corgi:https://registry.npmjs.org/rollup cache-miss
161 silly packumentCache corgi:https://registry.npmjs.org/tar cache-miss
162 silly packumentCache corgi:https://registry.npmjs.org/vite cache-miss
163 http fetch GET 200 https://registry.npmjs.org/@socket.io/component-emitter/-/component-emitter-3.1.2.tgz 407ms (cache miss)
164 http fetch GET 200 https://registry.npmjs.org/tweetnacl/-/tweetnacl-1.0.3.tgz 411ms (cache miss)
165 http fetch GET 200 https://registry.npmjs.org/laravel-echo/-/laravel-echo-2.3.4.tgz 415ms (cache miss)
166 http fetch GET 200 https://registry.npmjs.org/js-yaml 129ms (cache revalidated)
167 silly packumentCache corgi:https://registry.npmjs.org/js-yaml set size:58533 disposed:false
168 http fetch GET 200 https://registry.npmjs.org/brace-expansion 131ms (cache updated)
169 silly packumentCache corgi:https://registry.npmjs.org/brace-expansion set size:undefined disposed:false
170 http fetch GET 200 https://registry.npmjs.org/picomatch 133ms (cache updated)
171 silly packumentCache corgi:https://registry.npmjs.org/picomatch set size:undefined disposed:false
172 http fetch GET 200 https://registry.npmjs.org/qs 155ms (cache updated)
173 silly packumentCache corgi:https://registry.npmjs.org/qs set size:undefined disposed:false
174 http fetch GET 200 https://registry.npmjs.org/flatted 195ms (cache updated)
175 silly packumentCache corgi:https://registry.npmjs.org/flatted set size:undefined disposed:false
176 http fetch GET 200 https://registry.npmjs.org/tar 208ms (cache updated)
177 silly packumentCache corgi:https://registry.npmjs.org/tar set size:undefined disposed:false
178 http fetch GET 200 https://registry.npmjs.org/socket.io-client/-/socket.io-client-4.8.3.tgz 626ms (cache miss)
179 http fetch GET 200 https://registry.npmjs.org/engine.io-client/-/engine.io-client-6.6.4.tgz 647ms (cache miss)
180 http fetch GET 200 https://registry.npmjs.org/defu 336ms (cache updated)
181 silly packumentCache corgi:https://registry.npmjs.org/defu set size:undefined disposed:false
182 http fetch GET 200 https://registry.npmjs.org/vite 374ms (cache updated)
183 silly packumentCache corgi:https://registry.npmjs.org/vite set size:undefined disposed:false
184 http fetch GET 200 https://registry.npmjs.org/rollup 415ms (cache updated)
185 silly packumentCache corgi:https://registry.npmjs.org/rollup set size:undefined disposed:false
186 http fetch GET 200 https://registry.npmjs.org/ajv 431ms (cache revalidated)
187 silly packumentCache corgi:https://registry.npmjs.org/ajv set size:464537 disposed:false
188 http fetch GET 200 https://registry.npmjs.org/lodash 433ms (cache updated)
189 silly packumentCache corgi:https://registry.npmjs.org/lodash set size:undefined disposed:false
190 http fetch GET 200 https://registry.npmjs.org/axios 437ms (cache updated)
191 silly packumentCache corgi:https://registry.npmjs.org/axios set size:undefined disposed:false
192 http fetch GET 200 https://registry.npmjs.org/minimatch 507ms (cache updated)
193 silly packumentCache corgi:https://registry.npmjs.org/minimatch set size:undefined disposed:false
194 silly packumentCache corgi:https://registry.npmjs.org/@eslint%2fconfig-array cache-miss
195 silly packumentCache corgi:https://registry.npmjs.org/@eslint%2feslintrc cache-miss
196 silly packumentCache corgi:https://registry.npmjs.org/eslint cache-miss
197 http fetch GET 200 https://registry.npmjs.org/pusher-js/-/pusher-js-8.5.0.tgz 871ms (cache miss)
198 http fetch GET 200 https://registry.npmjs.org/@eslint%2fconfig-array 131ms (cache updated)
199 silly packumentCache corgi:https://registry.npmjs.org/@eslint%2fconfig-array set size:undefined disposed:false
200 http fetch GET 200 https://registry.npmjs.org/@eslint%2feslintrc 145ms (cache updated)
201 silly packumentCache corgi:https://registry.npmjs.org/@eslint%2feslintrc set size:undefined disposed:false
202 http fetch GET 200 https://registry.npmjs.org/eslint 257ms (cache updated)
203 silly packumentCache corgi:https://registry.npmjs.org/eslint set size:undefined disposed:false
204 silly packumentCache corgi:https://registry.npmjs.org/@typescript-eslint%2ftypescript-estree cache-miss
205 silly packumentCache corgi:https://registry.npmjs.org/@vue%2flanguage-core cache-miss
206 http fetch GET 200 https://registry.npmjs.org/@vue%2flanguage-core 189ms (cache updated)
207 silly packumentCache corgi:https://registry.npmjs.org/@vue%2flanguage-core set size:undefined disposed:false
208 http fetch GET 200 https://registry.npmjs.org/@typescript-eslint%2ftypescript-estree 558ms (cache updated)
209 silly packumentCache corgi:https://registry.npmjs.org/@typescript-eslint%2ftypescript-estree set size:undefined disposed:false
210 silly packumentCache corgi:https://registry.npmjs.org/@inertiajs%2fcore cache-miss
211 http fetch GET 200 https://registry.npmjs.org/@inertiajs%2fcore 177ms (cache updated)
212 silly packumentCache corgi:https://registry.npmjs.org/@inertiajs%2fcore set size:undefined disposed:false
213 silly packumentCache corgi:https://registry.npmjs.org/reka-ui cache-miss
214 http fetch GET 200 https://registry.npmjs.org/reka-ui 306ms (cache updated)
215 silly packumentCache corgi:https://registry.npmjs.org/reka-ui set size:undefined disposed:false
216 silly packumentCache corgi:https://registry.npmjs.org/flat-cache cache-miss
217 http fetch GET 200 https://registry.npmjs.org/flat-cache 123ms (cache updated)
218 silly packumentCache corgi:https://registry.npmjs.org/flat-cache set size:undefined disposed:false
219 silly packumentCache corgi:https://registry.npmjs.org/concurrently cache-miss
220 silly packumentCache corgi:https://registry.npmjs.org/vue-eslint-parser cache-miss
221 http fetch GET 200 https://registry.npmjs.org/concurrently 111ms (cache revalidated)
222 silly packumentCache corgi:https://registry.npmjs.org/concurrently set size:102723 disposed:false
223 http fetch GET 200 https://registry.npmjs.org/vue-eslint-parser 114ms (cache revalidated)
224 silly packumentCache corgi:https://registry.npmjs.org/vue-eslint-parser set size:187189 disposed:false
225 silly packumentCache corgi:https://registry.npmjs.org/micromatch cache-miss
226 silly packumentCache corgi:https://registry.npmjs.org/vite-plugin-full-reload cache-miss
227 http fetch GET 200 https://registry.npmjs.org/vite-plugin-full-reload 124ms (cache revalidated)
228 silly packumentCache corgi:https://registry.npmjs.org/vite-plugin-full-reload set size:26806 disposed:false
229 http fetch GET 200 https://registry.npmjs.org/micromatch 126ms (cache revalidated)
230 silly packumentCache corgi:https://registry.npmjs.org/micromatch set size:71776 disposed:false
231 silly packumentCache corgi:https://registry.npmjs.org/tinyglobby cache-miss
232 silly packumentCache corgi:https://registry.npmjs.org/fdir cache-miss
233 http fetch GET 200 https://registry.npmjs.org/fdir 121ms (cache revalidated)
234 silly packumentCache corgi:https://registry.npmjs.org/fdir set size:76905 disposed:false
235 http fetch GET 200 https://registry.npmjs.org/tinyglobby 127ms (cache updated)
236 silly packumentCache corgi:https://registry.npmjs.org/tinyglobby set size:undefined disposed:false
237 silly packumentCache corgi:https://registry.npmjs.org/@tailwindcss%2foxide cache-miss
238 http fetch GET 200 https://registry.npmjs.org/@tailwindcss%2foxide 400ms (cache updated)
239 silly packumentCache corgi:https://registry.npmjs.org/@tailwindcss%2foxide set size:undefined disposed:false
240 silly packumentCache corgi:https://registry.npmjs.org/@tailwindcss%2fvite cache-miss
241 silly packumentCache corgi:https://registry.npmjs.org/@vitejs%2fplugin-vue cache-miss
242 silly packumentCache corgi:https://registry.npmjs.org/laravel-vite-plugin cache-miss
243 http fetch GET 200 https://registry.npmjs.org/laravel-vite-plugin 140ms (cache updated)
244 silly packumentCache corgi:https://registry.npmjs.org/laravel-vite-plugin set size:undefined disposed:false
245 http fetch GET 200 https://registry.npmjs.org/@vitejs%2fplugin-vue 200ms (cache updated)
246 silly packumentCache corgi:https://registry.npmjs.org/@vitejs%2fplugin-vue set size:undefined disposed:false
247 http fetch GET 200 https://registry.npmjs.org/@tailwindcss%2fvite 423ms (cache updated)
248 silly packumentCache corgi:https://registry.npmjs.org/@tailwindcss%2fvite set size:undefined disposed:false
249 silly ADD node_modules/xmlhttprequest-ssl
250 silly ADD node_modules/ws
251 silly ADD node_modules/engine.io-parser
252 silly ADD node_modules/socket.io-parser
253 silly ADD node_modules/engine.io-client
254 silly ADD node_modules/@socket.io/component-emitter
255 silly ADD node_modules/tweetnacl
256 silly ADD node_modules/pusher-js
257 silly ADD node_modules/socket.io-client
258 silly ADD node_modules/laravel-echo
259 silly ADD
260 silly ADD
261 silly ADD
262 silly ADD
263 silly ADD
264 silly ADD
265 silly ADD
266 silly ADD
267 silly ADD
268 silly ADD
269 silly ADD
270 silly ADD
271 silly ADD
272 silly ADD
273 silly ADD
274 silly ADD
275 silly ADD
276 silly ADD
277 silly ADD
278 silly ADD
279 silly ADD
280 silly ADD
281 verbose cwd /Users/rasulsafarovitch/Development/water/crm
282 verbose os Darwin 25.4.0
283 verbose node v23.7.0
284 verbose npm  v10.9.2
285 notice
285 notice New [31mmajor[39m version of npm available! [31m10.9.2[39m -> [34m11.12.1[39m
285 notice Changelog: [34mhttps://github.com/npm/cli/releases/tag/v11.12.1[39m
285 notice To update run: [4mnpm install -g npm@11.12.1[24m
285 notice  { force: true, [Symbol(proc-log.meta)]: true }
286 verbose exit 0
287 info ok
